2026-10-03 05:40:14,154 - main - INFO - === Logging system initialized ===
2026-10-03 05:40:14,154 - main - INFO - Log file: logs/app_20261003.log
2026-10-03 05:40:14,155 - main - INFO - Log level: DEBUG
2026-10-03 05:40:14,155 - main - INFO - Log date: 20261003
2026-10-03 05:40:14,431 - main - INFO - Included router: routers.aihub.router
2026-10-03 05:40:15,346 - main - INFO - Included router: routers.auth.router
2026-10-03 05:40:15,407 - main - INFO - Included router: routers.health.router
2026-10-03 05:40:15,490 - main - INFO - Included router: routers.kakao.router
2026-10-03 05:40:15,529 - main - INFO - Included router: routers.settings.router
2026-10-03 05:40:15,762 - main - INFO - Included router: routers.stocks.router
2026-10-03 05:40:15,916 - main - INFO - Included router: routers.storage.router
2026-10-03 05:40:16,077 - main - INFO - Included router: routers.user.router
2026-10-03 05:40:16,080 - main - INFO - === Application startup initiated ===
2026-10-03 05:40:16,080 - main - INFO - === Application startup completed successfully ===
2026-10-03 05:41:36,183 - main - INFO - === Logging system initialized ===
2026-10-03 05:41:36,183 - main - INFO - Log file: logs/app_20261003.log
2026-10-03 05:41:36,184 - main - INFO - Log level: DEBUG
2026-10-03 05:41:36,184 - main - INFO - Log date: 20261003
2026-10-03 05:41:36,497 - main - INFO - Included router: routers.aihub.router
2026-10-03 05:41:38,884 - main - INFO - Included router: routers.auth.router
2026-10-03 05:41:38,888 - main - INFO - Included router: routers.health.router
2026-10-03 05:41:38,899 - main - INFO - Included router: routers.kakao.router
2026-10-03 05:41:38,911 - main - INFO - Included router: routers.settings.router
2026-10-03 05:41:39,092 - main - INFO - Included router: routers.stocks.router
2026-10-03 05:41:39,187 - main - INFO - Included router: routers.storage.router
2026-10-03 05:41:39,204 - main - INFO - Included router: routers.user.router
2026-10-03 05:41:39,206 - main - INFO - === Application startup initiated ===
2026-10-03 05:41:39,206 - main - INFO - === Application startup completed successfully ===
2026-10-03 05:43:51,070 - main - INFO - === Logging system initialized ===
2026-10-03 05:43:51,070 - main - INFO - Log file: logs/app_20261003.log
2026-10-03 05:43:51,070 - main - INFO - Log level: DEBUG
2026-10-03 05:43:51,070 - main - INFO - Log date: 20261003
2026-10-03 05:43:51,166 - main - INFO - Included router: routers.aihub.router
2026-10-03 05:43:51,837 - main - INFO - Included router: routers.auth.router
2026-10-03 05:43:51,840 - main - INFO - Included router: routers.health.router
2026-10-03 05:43:51,849 - main - INFO - Included router: routers.kakao.router
2026-10-03 05:43:51,860 - main - INFO - Included router: routers.settings.router
2026-10-03 05:43:51,964 - main - INFO - Included router: routers.stocks.router
2026-10-03 05:43:51,989 - main - INFO - Included router: routers.storage.router
2026-10-03 05:43:52,004 - main - INFO - Included router: routers.user.router
2026-10-03 05:43:52,005 - main - INFO - === Application startup initiated ===
2026-10-03 05:43:52,005 - main - INFO - === Application startup completed successfully ===
2026-10-03 06:17:45,128 - main - INFO - === Logging system initialized ===
2026-10-03 06:17:45,128 - main - INFO - Log file: logs/app_20261003.log
2026-10-03 06:17:45,129 - main - INFO - Log level: DEBUG
2026-10-03 06:17:45,129 - main - INFO - Log date: 20261003
2026-10-03 06:17:45,328 - main - INFO - Included router: routers.aihub.router
2026-10-03 06:17:47,597 - main - INFO - Included router: routers.auth.router
2026-10-03 06:17:47,601 - main - INFO - Included router: routers.health.router
2026-10-03 06:17:47,676 - main - INFO - Included router: routers.kakao.router
2026-10-03 06:17:47,688 - main - INFO - Included router: routers.settings.router
2026-10-03 06:17:47,906 - main - INFO - Included router: routers.stocks.router
2026-10-03 06:17:47,999 - main - INFO - Included router: routers.storage.router
2026-10-03 06:17:48,089 - main - INFO - Included router: routers.user.router
2026-10-03 06:17:48,090 - main - INFO - === Application startup initiated ===
2026-10-03 06:17:48,091 - main - INFO - === Application startup completed successfully ===
2026-10-03 06:18:09,975 - main - INFO - === Logging system initialized ===
2026-10-03 06:18:09,976 - main - INFO - Log file: logs/app_20261003.log
2026-10-03 06:18:09,976 - main - INFO - Log level: DEBUG
2026-10-03 06:18:09,976 - main - INFO - Log date: 20261003
2026-10-03 06:18:10,289 - main - INFO - Included router: routers.aihub.router
2026-10-03 06:18:12,806 - main - INFO - Included router: routers.auth.router
2026-10-03 06:18:12,810 - main - INFO - Included router: routers.health.router
2026-10-03 06:18:12,878 - main - INFO - Included router: routers.kakao.router
2026-10-03 06:18:12,896 - main - INFO - Included router: routers.settings.router
2026-10-03 06:18:13,106 - main - INFO - Included router: routers.stocks.router
2026-10-03 06:18:13,131 - main - INFO - Included router: routers.storage.router
2026-10-03 06:18:13,182 - main - INFO - Included router: routers.user.router
2026-10-03 06:18:13,183 - main - INFO - === Application startup initiated ===
2026-10-03 06:18:13,184 - main - INFO - === Application startup completed successfully ===
2026-10-03 06:20:26,508 - main - INFO - === Logging system initialized ===
2026-10-03 06:20:26,509 - main - INFO - Log file: logs/app_20261003.log
2026-10-03 06:20:26,509 - main - INFO - Log level: DEBUG
2026-10-03 06:20:26,509 - main - INFO - Log date: 20261003
2026-10-03 06:20:26,626 - main - INFO - Included router: routers.aihub.router
2026-10-03 06:20:27,428 - main - INFO - Included router: routers.auth.router
2026-10-03 06:20:27,432 - main - INFO - Included router: routers.health.router
2026-10-03 06:20:27,445 - main - INFO - Included router: routers.kakao.router
2026-10-03 06:20:27,457 - main - INFO - Included router: routers.settings.router
2026-10-03 06:20:27,562 - main - INFO - Included router: routers.stocks.router
2026-10-03 06:20:27,588 - main - INFO - Included router: routers.storage.router
2026-10-03 06:20:27,609 - main - INFO - Included router: routers.user.router
2026-10-03 06:20:27,611 - main - INFO - === Application startup initiated ===
2026-10-03 06:20:27,611 - main - INFO - === Application startup completed successfully ===
2026-10-03 06:33:49,259 - main - INFO - === Logging system initialized ===
2026-10-03 06:33:49,259 - main - INFO - Log file: logs/app_20261003.log
2026-10-03 06:33:49,259 - main - INFO - Log level: DEBUG
2026-10-03 06:33:49,259 - main - INFO - Log date: 20261003
2026-10-03 06:33:49,355 - main - INFO - Included router: routers.aihub.router
2026-10-03 06:33:50,088 - main - INFO - Included router: routers.auth.router
2026-10-03 06:33:50,091 - main - INFO - Included router: routers.health.router
2026-10-03 06:33:50,105 - main - INFO - Included router: routers.kakao.router
2026-10-03 06:33:50,119 - main - INFO - Included router: routers.settings.router
2026-10-03 06:33:50,212 - main - INFO - Included router: routers.stocks.router
2026-10-03 06:33:50,240 - main - INFO - Included router: routers.storage.router
2026-10-03 06:33:50,263 - main - INFO - Included router: routers.user.router
2026-10-03 06:33:50,265 - main - INFO - === Application startup initiated ===
2026-10-03 06:33:50,265 - main - INFO - === Application startup completed successfully ===
2026-10-03 06:36:30,114 - core.config - DEBUG - Read dynamic attribute database_url from environment variable DATABASE_URL
2026-10-03 06:36:30,115 - core.database - INFO - Using QueuePool for non-Lambda environment (pool_pre_ping=True, pool_size=5, max_overflow=5, pool_recycle=280s, pool_timeout=30s, pool_use_lifo=True)
2026-10-03 06:36:30,186 - core.database - INFO - Database connection initialized successfully
2026-10-03 06:36:30,527 - routers.auth - INFO - [token/exchange] Received platform token exchange request
2026-10-03 06:36:30,528 - core.config - DEBUG - Read dynamic attribute oidc_issuer_url from environment variable OIDC_ISSUER_URL
2026-10-03 06:36:30,528 - routers.auth - DEBUG - [token/exchange] Verifying token with issuer: https://auth.atoms.dev/api/v1/oidc/platform/tokens/verify
2026-10-03 06:36:30,731 - httpcore.connection - DEBUG - connect_tcp.started host='auth.atoms.dev' port=443 local_address=None timeout=5.0 socket_options=None
2026-10-03 06:36:30,746 - httpcore.connection - DEBUG - connect_tcp.complete return_value=<httpcore._backends.anyio.AnyIOStream object at 0x7f40e9df1240>
2026-10-03 06:36:30,747 - httpcore.connection - DEBUG - start_tls.started ssl_context=<ssl.SSLContext object at 0x7f40e8d73dc0> server_hostname='auth.atoms.dev' timeout=5.0
2026-10-03 06:36:30,756 - httpcore.connection - DEBUG - start_tls.complete return_value=<httpcore._backends.anyio.AnyIOStream object at 0x7f40eb0ecfa0>
2026-10-03 06:36:30,756 - httpcore.http11 - DEBUG - send_request_headers.started request=<Request [b'POST']>
2026-10-03 06:36:30,757 - httpcore.http11 - DEBUG - send_request_headers.complete
2026-10-03 06:36:30,757 - httpcore.http11 - DEBUG - send_request_body.started request=<Request [b'POST']>
2026-10-03 06:36:30,757 - httpcore.http11 - DEBUG - send_request_body.complete
2026-10-03 06:36:30,758 - httpcore.http11 - DEBUG - receive_response_headers.started request=<Request [b'POST']>
2026-10-03 06:36:30,789 - httpcore.http11 - DEBUG - receive_response_headers.complete return_value=(b'HTTP/1.1', 200, b'OK', [(b'Date', b'Sat, 03 Oct 2026 13:36:30 GMT'), (b'Content-Type', b'application/json'), (b'Transfer-Encoding', b'chunked'), (b'Connection', b'keep-alive'), (b'CF-Ray', b'a44c56103f94a8a6-LAX'), (b'CF-Cache-Status', b'DYNAMIC'), (b'Server', b'cloudflare'), (b'x-mgx-request-id', b'bd70789892d762c7cd987addd51f9868'), (b'x-request-id', b'bd70789892d762c7cd987addd51f9868'), (b'x-response-time', b'0.001s'), (b'Content-Encoding', b'gzip')])
2026-10-03 06:36:30,790 - httpx - INFO - HTTP Request: POST https://auth.atoms.dev/api/v1/oidc/platform/tokens/verify "HTTP/1.1 200 OK"
2026-10-03 06:36:30,791 - httpcore.http11 - DEBUG - receive_response_body.started request=<Request [b'POST']>
2026-10-03 06:36:30,791 - httpcore.http11 - DEBUG - receive_response_body.complete
2026-10-03 06:36:30,791 - httpcore.http11 - DEBUG - response_closed.started
2026-10-03 06:36:30,792 - httpcore.http11 - DEBUG - response_closed.complete
2026-10-03 06:36:30,792 - httpcore.connection - DEBUG - close.started
2026-10-03 06:36:30,792 - httpcore.connection - DEBUG - close.complete
2026-10-03 06:36:30,792 - routers.auth - DEBUG - [token/exchange] Issuer response status: 200
2026-10-03 06:36:30,793 - routers.auth - DEBUG - [token/exchange] Issuer response body: {'success': True, 'data': {'email': 'ahs65194159@gmail.com', 'exp': 1793622635, 'iat': 1791030635, 'pv': 0, 'user_id': 1233235}, 'message': 'Platform token verified', 'code': 0, 'timestamp': '2026-10-03T21:36:30.784390'}
2026-10-03 06:36:30,793 - routers.auth - INFO - [token/exchange] Token verified, platform_user_id=1233235, email=ahs65194159@gmail.com
2026-10-03 06:36:30,793 - core.config - DEBUG - Read dynamic attribute admin_user_id from environment variable ADMIN_USER_ID
2026-10-03 06:36:30,793 - routers.auth - INFO - [token/exchange] User verified: platform_user_id=1233235, role=admin
2026-10-03 06:36:30,796 - routers.auth - DEBUG - [token/exchange] User object for token issuance: id=1233235, email=ahs65194159@gmail.com, role=admin
2026-10-03 06:36:30,796 - core.config - DEBUG - Read dynamic attribute jwt_expire_minutes from environment variable JWT_EXPIRE_MINUTES
2026-10-03 06:36:30,796 - core.config - DEBUG - Read dynamic attribute jwt_secret_key from environment variable JWT_SECRET_KEY
2026-10-03 06:36:30,964 - core.config - DEBUG - Read dynamic attribute jwt_algorithm from environment variable JWT_ALGORITHM
2026-10-03 06:36:30,970 - routers.auth - INFO - [token/exchange] Token issued successfully for user_id=1233235, expires_at=2026-11-02 13:36:30.796380+00:00
2026-10-03 06:47:31,781 - main - INFO - === Logging system initialized ===
2026-10-03 06:47:31,781 - main - INFO - Log file: logs/app_20261003.log
2026-10-03 06:47:31,781 - main - INFO - Log level: DEBUG
2026-10-03 06:47:31,781 - main - INFO - Log date: 20261003
2026-10-03 06:47:32,181 - main - INFO - Included router: routers.aihub.router
2026-10-03 06:47:34,483 - main - INFO - Included router: routers.auth.router
2026-10-03 06:47:34,487 - main - INFO - Included router: routers.health.router
2026-10-03 06:47:34,498 - main - INFO - Included router: routers.kakao.router
2026-10-03 06:47:34,513 - main - INFO - Included router: routers.settings.router
2026-10-03 06:47:34,731 - main - INFO - Included router: routers.stocks.router
2026-10-03 06:47:34,780 - main - INFO - Included router: routers.storage.router
2026-10-03 06:47:34,800 - main - INFO - Included router: routers.user.router
2026-10-03 06:47:34,801 - main - INFO - === Application startup initiated ===
2026-10-03 06:47:34,802 - main - INFO - === Application startup completed successfully ===
2026-10-03 06:49:47,634 - main - INFO - === Logging system initialized ===
2026-10-03 06:49:47,635 - main - INFO - Log file: logs/app_20261003.log
2026-10-03 06:49:47,635 - main - INFO - Log level: DEBUG
2026-10-03 06:49:47,635 - main - INFO - Log date: 20261003
2026-10-03 06:49:47,744 - main - INFO - Included router: routers.aihub.router
2026-10-03 06:49:48,532 - main - INFO - Included router: routers.auth.router
2026-10-03 06:49:48,536 - main - INFO - Included router: routers.health.router
2026-10-03 06:49:48,546 - main - INFO - Included router: routers.kakao.router
2026-10-03 06:49:48,558 - main - INFO - Included router: routers.settings.router
2026-10-03 06:49:48,660 - main - INFO - Included router: routers.stocks.router
2026-10-03 06:49:48,692 - main - INFO - Included router: routers.storage.router
2026-10-03 06:49:48,712 - main - INFO - Included router: routers.user.router
2026-10-03 06:49:48,714 - main - INFO - === Application startup initiated ===
2026-10-03 06:49:48,714 - main - INFO - === Application startup completed successfully ===
